Restore Archived Project report for AdderControl
Mon Jun 23 10:32:54 2014
Quartus II 64-Bit Version 13.1.4 Build 182 03/12/2014 SJ Web Edition


---------------------
; Table of Contents ;
---------------------
  1. Legal Notice
  2. Restore Archived Project Summary
  3. Restore Archived Project Messages
  4. Files Restored
  5. Files Not Restored



----------------
; Legal Notice ;
----------------
Copyright (C) 1991-2014 Altera Corporation
Your use of Altera Corporation's design tools, logic functions 
and other software and tools, and its AMPP partner logic 
functions, and any output files from any of the foregoing 
(including device programming or simulation files), and any 
associated documentation or information are expressly subject 
to the terms and conditions of the Altera Program License 
Subscription Agreement, Altera MegaCore Function License 
Agreement, or other applicable license agreement, including, 
without limitation, that your use is for the sole purpose of 
programming logic devices manufactured by Altera and sold by 
Altera or its authorized distributors.  Please refer to the 
applicable agreement for further details.



+-------------------------------------------------------------------------+
; Restore Archived Project Summary                                        ;
+---------------------------------+---------------------------------------+
; Restore Archived Project Status ; Successful - Mon Jun 23 10:32:54 2014 ;
; Revision Name                   ; AdderControl                          ;
; Top-level Entity Name           ; SubSimulation                         ;
; Family                          ; Cyclone III                           ;
+---------------------------------+---------------------------------------+


+-----------------------------------+
; Restore Archived Project Messages ;
+-----------------------------------+
Info: Successfully restored 'C:/Users/Charles/Dropbox/Imperial College/Final Year Project/OnlineArithmetic/7. SubSimulation_r4/AdderSimulation_tmp_archive.qar' into the 'C:/Users/Charles/Dropbox/Imperial College/Final Year Project/OnlineArithmetic/7. SubSimulation_r4_copy/' directory
Info: Generated report 'AdderControl.restore.rpt'


+---------------------------------------------------------+
; Files Restored                                          ;
+---------------------------------------------------------+
; File Name                                               ;
+---------------------------------------------------------+
; AdderControl.qsf                                        ;
; AdderSimulation.qpf                                     ;
; SEG7_LUT.v                                              ;
; SubSimulation.v                                         ;
; assignment_defaults.qdf                                 ;
; button_debouncer.v                                      ;
; db/AdderControl.cmp.hdb                                 ;
; db/AdderControl.db_info                                 ;
; incremental_db/compiled_partitions/AdderControl.db_info ;
; online_adder_r4.v                                       ;
; online_sub_r4.v                                         ;
; tester_r4.v                                             ;
+---------------------------------------------------------+


+--------------------+
; Files Not Restored ;
+--------------------+
; File Name          ;
+--------------------+


