------------------------------------------------------------
TimeQuest Timing Analyzer Summary
------------------------------------------------------------

Type  : Slow 1200mV 85C Model Setup 'CLOCK_50'
Slack : -4.141
TNS   : -279.269

Type  : Slow 1200mV 85C Model Hold 'CLOCK_50'
Slack : 0.345
TNS   : 0.000

Type  : Slow 1200mV 85C Model Recovery 'CLOCK_50'
Slack : -0.623
TNS   : -3.738

Type  : Slow 1200mV 85C Model Removal 'CLOCK_50'
Slack : 1.189
TNS   : 0.000

Type  : Slow 1200mV 85C Model Minimum Pulse Width 'CLOCK_50'
Slack : -3.000
TNS   : -125.000

Type  : Slow 1200mV 0C Model Setup 'CLOCK_50'
Slack : -3.612
TNS   : -239.170

Type  : Slow 1200mV 0C Model Hold 'CLOCK_50'
Slack : 0.299
TNS   : 0.000

Type  : Slow 1200mV 0C Model Recovery 'CLOCK_50'
Slack : -0.493
TNS   : -2.958

Type  : Slow 1200mV 0C Model Removal 'CLOCK_50'
Slack : 1.098
TNS   : 0.000

Type  : Slow 1200mV 0C Model Minimum Pulse Width 'CLOCK_50'
Slack : -3.000
TNS   : -125.000

Type  : Fast 1200mV 0C Model Setup 'CLOCK_50'
Slack : -1.880
TNS   : -110.441

Type  : Fast 1200mV 0C Model Hold 'CLOCK_50'
Slack : 0.180
TNS   : 0.000

Type  : Fast 1200mV 0C Model Recovery 'CLOCK_50'
Slack : 0.166
TNS   : 0.000

Type  : Fast 1200mV 0C Model Removal 'CLOCK_50'
Slack : 0.570
TNS   : 0.000

Type  : Fast 1200mV 0C Model Minimum Pulse Width 'CLOCK_50'
Slack : -3.000
TNS   : -132.328

------------------------------------------------------------
