------------------------------------------------------------
TimeQuest Timing Analyzer Summary
------------------------------------------------------------

Type  : Slow 1200mV 85C Model Setup 'CLOCK_50'
Slack : -4.154
TNS   : -272.525

Type  : Slow 1200mV 85C Model Hold 'CLOCK_50'
Slack : 0.345
TNS   : 0.000

Type  : Slow 1200mV 85C Model Recovery 'CLOCK_50'
Slack : -0.623
TNS   : -3.738

Type  : Slow 1200mV 85C Model Removal 'CLOCK_50'
Slack : 1.189
TNS   : 0.000

Type  : Slow 1200mV 85C Model Minimum Pulse Width 'CLOCK_50'
Slack : -3.000
TNS   : -124.000

Type  : Slow 1200mV 0C Model Setup 'CLOCK_50'
Slack : -3.616
TNS   : -233.816

Type  : Slow 1200mV 0C Model Hold 'CLOCK_50'
Slack : 0.299
TNS   : 0.000

Type  : Slow 1200mV 0C Model Recovery 'CLOCK_50'
Slack : -0.493
TNS   : -2.958

Type  : Slow 1200mV 0C Model Removal 'CLOCK_50'
Slack : 1.098
TNS   : 0.000

Type  : Slow 1200mV 0C Model Minimum Pulse Width 'CLOCK_50'
Slack : -3.000
TNS   : -124.000

Type  : Fast 1200mV 0C Model Setup 'CLOCK_50'
Slack : -1.908
TNS   : -109.907

Type  : Fast 1200mV 0C Model Hold 'CLOCK_50'
Slack : 0.180
TNS   : 0.000

Type  : Fast 1200mV 0C Model Recovery 'CLOCK_50'
Slack : 0.164
TNS   : 0.000

Type  : Fast 1200mV 0C Model Removal 'CLOCK_50'
Slack : 0.571
TNS   : 0.000

Type  : Fast 1200mV 0C Model Minimum Pulse Width 'CLOCK_50'
Slack : -3.000
TNS   : -131.067

------------------------------------------------------------
